[Licensing::Module] Trying to connect to existing licensing client channel...
[Licensing::IpcConnector] Successfully connected to the License Client on channel: "LicenseClient-gwdww" at "2026-03-21T17:06:37.9172834Z"
[Licensing::Client] Error: HandshakeResponse reported an error:
	ResponseCode: 505
	ResponseStatus: Unsupported protocol version '1.15.4'.
[Licensing::Module] Error: Failed to handshake to channel: "LicenseClient-gwdww"
[Licensing::IpcConnector] License Client channel disconnected successfully.
[Licensing::IpcConnector] Connection attempt to the License Client on channel: "LicenseClient-gwdww-6000.0.2" failed because channel doesn't exist; code: "0x80000002"
[Licensing::Module] Successfully launched the LicensingClient (PId: 19008)
Starting IPC server.
Waiting for clients to connect on \\.\pipe\Unity-LicenseClient-gwdww-6000.0.2, press Ctrl-C to exit.
[Licensing::IpcConnector] Successfully connected to the License Client on channel: "LicenseClient-gwdww-6000.0.2" at "2026-03-21T17:06:39.9569308Z"
[Licensing::Client] Error: Code 10 while verifying Licensing Client signature (process Id: 19008, path: "D:/unity/6000.0.2f1/Editor/Data/Resources/Licensing/Client/Unity.Licensing.Client.exe")
[Licensing::Module] Error: LicensingClient has failed validation; ignoring
[Licensing::Client] Handshaking with LicensingClient:
  Version:                 1.15.4+eee609c
  Session Id:              ad75ea85107442db9292f2f7042c90c5
  Correlation Id:          c514dbf205e500fc73e0b15fe79b5ebc
  External correlation Id: 6875075726484170162
  Machine Id:              sdOFNm1fscsReaz/VTTDio1uqm0=
[Licensing::Module] Successfully connected to LicensingClient on channel: "LicenseClient-gwdww-6000.0.2" (connect: 0.52s, validation: 0.04s, handshake: 0.01s)
[Licensing::IpcConnector] Successfully connected to the License Notification on channel: "LicenseClient-gwdww-6000.0.2-notifications" at "2026-03-21T17:06:40.001386Z"
[Licensing::Module] Connected to LicensingClient (PId: 19008, launch time: 0.03, total connection time: 0.56s)
[Licensing::Module] Error: Access token is unavailable; failed to update
[Licensing::Client] Successfully updated license
Built from 'trunk' branch; Version is '6000.0.2f1 (c36be92430b9) revision 12807145'; Using compiler version '193933522'; Build Type 'Release'
OS: 'Windows 11  (10.0.26200) 64bit CoreCountrySpecific' Language: 'zh' Physical Memory: 32597 MB
[Licensing::Client] Successfully resolved entitlements
[Licensing::Module] Serial number assigned to: "F4-8DS3-EW42-7UVQ-UBWJ-XXXX"
BatchMode: 1, IsHumanControllingUs: 0, StartBugReporterOnCrash: 0, Is64bit: 1, IsPro: 0

COMMAND LINE ARGUMENTS:
D:\unity\6000.0.2f1\Editor\Unity.exe
-batchmode
-projectPath
E:/LevelDesign/Steal
-quit
-logFile
E:/LevelDesign/Steal/test-log.txt
Successfully changed project path to: E:/LevelDesign/Steal
E:/LevelDesign/Steal
[UnityMemory] Configuration Parameters - Can be set up in boot.config
    "memorysetup-bucket-allocator-granularity=16"
    "memorysetup-bucket-allocator-bucket-count=8"
    "memorysetup-bucket-allocator-block-size=33554432"
    "memorysetup-bucket-allocator-block-count=8"
    "memorysetup-main-allocator-block-size=16777216"
    "memorysetup-thread-allocator-block-size=16777216"
    "memorysetup-gfx-main-allocator-block-size=16777216"
    "memorysetup-gfx-thread-allocator-block-size=16777216"
    "memorysetup-cache-allocator-block-size=4194304"
    "memorysetup-typetree-allocator-block-size=2097152"
    "memorysetup-profiler-bucket-allocator-granularity=16"
    "memorysetup-profiler-bucket-allocator-bucket-count=8"
    "memorysetup-profiler-bucket-allocator-block-size=33554432"
    "memorysetup-profiler-bucket-allocator-block-count=8"
    "memorysetup-profiler-allocator-block-size=16777216"
    "memorysetup-profiler-editor-allocator-block-size=1048576"
    "memorysetup-temp-allocator-size-main=16777216"
    "memorysetup-job-temp-allocator-block-size=2097152"
    "memorysetup-job-temp-allocator-block-size-background=1048576"
    "memorysetup-job-temp-allocator-reduction-small-platforms=262144"
    "memorysetup-allocator-temp-initial-block-size-main=262144"
    "memorysetup-allocator-temp-initial-block-size-worker=262144"
    "memorysetup-temp-allocator-size-background-worker=32768"
    "memorysetup-temp-allocator-size-job-worker=262144"
    "memorysetup-temp-allocator-size-preload-manager=33554432"
    "memorysetup-temp-allocator-size-nav-mesh-worker=65536"
    "memorysetup-temp-allocator-size-audio-worker=65536"
    "memorysetup-temp-allocator-size-cloud-worker=32768"
    "memorysetup-temp-allocator-size-gi-baking-worker=262144"
    "memorysetup-temp-allocator-size-gi-baking-worker=262144"
    "memorysetup-temp-allocator-size-gi-baking-worker=262144"
    "memorysetup-temp-allocator-size-gi-baking-worker=262144"
    "memorysetup-temp-allocator-size-gi-baking-worker=262144"
    "memorysetup-temp-allocator-size-gfx=262144"
Player connection [22300]  Target information:

Player connection [22300]  * "[IP] 192.168.1.13 [Port] 55504 [Flags] 2 [Guid] 306988412 [EditorId] 306988412 [Version] 1048832 [Id] WindowsEditor(7,guwenn) [Debug] 1 [PackageName] WindowsEditor [ProjectName] Editor" 

Player connection [22300] Host joined multi-casting on [225.0.0.222:54997]...
Player connection [22300] Host joined alternative multi-casting on [225.0.0.222:34997]...
[Package Manager] Connected to IPC stream "Upm-26924" after 0.2 seconds.
Library Redirect Path: Library/
[Licensing::Client] Successfully resolved entitlements
[Package Manager] Done resolving packages in 18.89 seconds
[Licensing::Client] Successfully resolved entitlement details
[Package Manager] Lock file was modified
[Package Manager] Registered 73 packages:
  Packages from [https://packages.unity.com]:
    com.unity.ads@4.4.2 (location: E:\LevelDesign\Steal\Library\PackageCache\com.unity.ads)
    com.unity.ai.navigation@2.0.0 (location: E:\LevelDesign\Steal\Library\PackageCache\com.unity.ai.navigation)
    com.unity.analytics@3.8.1 (location: E:\LevelDesign\Steal\Library\PackageCache\com.unity.analytics)
    com.unity.cinemachine@3.1.2 (location: E:\LevelDesign\Steal\Library\PackageCache\com.unity.cinemachine)
    com.unity.collab-proxy@2.3.1 (location: E:\LevelDesign\Steal\Library\PackageCache\com.unity.collab-proxy)
    com.unity.ide.rider@3.0.36 (location: E:\LevelDesign\Steal\Library\PackageCache\com.unity.ide.rider)
    com.unity.ide.visualstudio@2.0.23 (location: E:\LevelDesign\Steal\Library\PackageCache\com.unity.ide.visualstudio)
    com.unity.inputsystem@1.14.0 (location: E:\LevelDesign\Steal\Library\PackageCache\com.unity.inputsystem)
    com.unity.learn.iet-framework@4.1.3 (location: E:\LevelDesign\Steal\Library\PackageCache\com.unity.learn.iet-framework)
    com.unity.memoryprofiler@1.1.6 (location: E:\LevelDesign\Steal\Library\PackageCache\com.unity.memoryprofiler)
    com.unity.purchasing@4.11.0 (location: E:\LevelDesign\Steal\Library\PackageCache\com.unity.purchasing)
    com.unity.recorder@5.1.2 (location: E:\LevelDesign\Steal\Library\PackageCache\com.unity.recorder)
    com.unity.splines@2.8.0 (location: E:\LevelDesign\Steal\Library\PackageCache\com.unity.splines)
    com.unity.test-framework@1.4.3 (location: E:\LevelDesign\Steal\Library\PackageCache\com.unity.test-framework)
    com.unity.timeline@1.8.7 (location: E:\LevelDesign\Steal\Library\PackageCache\com.unity.timeline)
    com.unity.xr.legacyinputhelpers@2.1.10 (location: E:\LevelDesign\Steal\Library\PackageCache\com.unity.xr.legacyinputhelpers)
    com.unity.ext.nunit@2.0.5 (location: E:\LevelDesign\Steal\Library\PackageCache\com.unity.ext.nunit)
    com.unity.mathematics@1.3.1 (location: E:\LevelDesign\Steal\Library\PackageCache\com.unity.mathematics)
    com.unity.settings-manager@2.0.1 (location: E:\LevelDesign\Steal\Library\PackageCache\com.unity.settings-manager)
    com.unity.burst@1.8.13 (location: E:\LevelDesign\Steal\Library\PackageCache\com.unity.burst)
    com.unity.collections@2.4.0 (location: E:\LevelDesign\Steal\Library\PackageCache\com.unity.collections)
    com.unity.bindings.openimageio@1.0.0 (location: E:\LevelDesign\Steal\Library\PackageCache\com.unity.bindings.openimageio)
    com.unity.services.core@1.12.5 (location: E:\LevelDesign\Steal\Library\PackageCache\com.unity.services.core)
    com.unity.profiling.core@1.0.2 (location: E:\LevelDesign\Steal\Library\PackageCache\com.unity.profiling.core)
    com.unity.editorcoroutines@1.0.0 (location: E:\LevelDesign\Steal\Library\PackageCache\com.unity.editorcoroutines)
    com.unity.services.analytics@5.1.1 (location: E:\LevelDesign\Steal\Library\PackageCache\com.unity.services.analytics)
    com.unity.searcher@4.9.2 (location: E:\LevelDesign\Steal\Library\PackageCache\com.unity.searcher)
    com.unity.nuget.mono-cecil@1.11.4 (location: E:\LevelDesign\Steal\Library\PackageCache\com.unity.nuget.mono-cecil)
    com.unity.test-framework.performance@3.0.3 (location: E:\LevelDesign\Steal\Library\PackageCache\com.unity.test-framework.performance)
    com.unity.nuget.newtonsoft-json@3.2.1 (location: E:\LevelDesign\Steal\Library\PackageCache\com.unity.nuget.newtonsoft-json)
  Built-in packages:
    com.unity.2d.sprite@1.0.0 (location: E:\LevelDesign\Steal\Library\PackageCache\com.unity.2d.sprite)
    com.unity.2d.tilemap@1.0.0 (location: E:\LevelDesign\Steal\Library\PackageCache\com.unity.2d.tilemap)
    com.unity.render-pipelines.universal@17.0.3 (location: E:\LevelDesign\Steal\Library\PackageCache\com.unity.render-pipelines.universal)
    com.unity.ugui@2.0.0 (location: E:\LevelDesign\Steal\Library\PackageCache\com.unity.ugui)
    com.unity.visualeffectgraph@17.0.3 (location: E:\LevelDesign\Steal\Library\PackageCache\com.unity.visualeffectgraph)
    com.unity.modules.accessibility@1.0.0 (location: E:\LevelDesign\Steal\Library\PackageCache\com.unity.modules.accessibility)
    com.unity.modules.ai@1.0.0 (location: E:\LevelDesign\Steal\Library\PackageCache\com.unity.modules.ai)
    com.unity.modules.androidjni@1.0.0 (location: E:\LevelDesign\Steal\Library\PackageCache\com.unity.modules.androidjni)
    com.unity.modules.animation@1.0.0 (location: E:\LevelDesign\Steal\Library\PackageCache\com.unity.modules.animation)
    com.unity.modules.assetbundle@1.0.0 (location: E:\LevelDesign\Steal\Library\PackageCache\com.unity.modules.assetbundle)
    com.unity.modules.audio@1.0.0 (location: E:\LevelDesign\Steal\Library\PackageCache\com.unity.modules.audio)
    com.unity.modules.cloth@1.0.0 (location: E:\LevelDesign\Steal\Library\PackageCache\com.unity.modules.cloth)
    com.unity.modules.director@1.0.0 (location: E:\LevelDesign\Steal\Library\PackageCache\com.unity.modules.director)
    com.unity.modules.imageconversion@1.0.0 (location: E:\LevelDesign\Steal\Library\PackageCache\com.unity.modules.imageconversion)
    com.unity.modules.imgui@1.0.0 (location: E:\LevelDesign\Steal\Library\PackageCache\com.unity.modules.imgui)
    com.unity.modules.jsonserialize@1.0.0 (location: E:\LevelDesign\Steal\Library\PackageCache\com.unity.modules.jsonserialize)
    com.unity.modules.particlesystem@1.0.0 (location: E:\LevelDesign\Steal\Library\PackageCache\com.unity.modules.particlesystem)
    com.unity.modules.physics@1.0.0 (location: E:\LevelDesign\Steal\Library\PackageCache\com.unity.modules.physics)
    com.unity.modules.physics2d@1.0.0 (location: E:\LevelDesign\Steal\Library\PackageCache\com.unity.modules.physics2d)
    com.unity.modules.screencapture@1.0.0 (location: E:\LevelDesign\Steal\Library\PackageCache\com.unity.modules.screencapture)
    com.unity.modules.terrain@1.0.0 (location: E:\LevelDesign\Steal\Library\PackageCache\com.unity.modules.terrain)
    com.unity.modules.terrainphysics@1.0.0 (location: E:\LevelDesign\Steal\Library\PackageCache\com.unity.modules.terrainphysics)
    com.unity.modules.tilemap@1.0.0 (location: E:\LevelDesign\Steal\Library\PackageCache\com.unity.modules.tilemap)
    com.unity.modules.ui@1.0.0 (location: E:\LevelDesign\Steal\Library\PackageCache\com.unity.modules.ui)
    com.unity.modules.uielements@1.0.0 (location: E:\LevelDesign\Steal\Library\PackageCache\com.unity.modules.uielements)
    com.unity.modules.umbra@1.0.0 (location: E:\LevelDesign\Steal\Library\PackageCache\com.unity.modules.umbra)
    com.unity.modules.unityanalytics@1.0.0 (location: E:\LevelDesign\Steal\Library\PackageCache\com.unity.modules.unityanalytics)
    com.unity.modules.unitywebrequest@1.0.0 (location: E:\LevelDesign\Steal\Library\PackageCache\com.unity.modules.unitywebrequest)
    com.unity.modules.unitywebrequestassetbundle@1.0.0 (location: E:\LevelDesign\Steal\Library\PackageCache\com.unity.modules.unitywebrequestassetbundle)
    com.unity.modules.unitywebrequestaudio@1.0.0 (location: E:\LevelDesign\Steal\Library\PackageCache\com.unity.modules.unitywebrequestaudio)
    com.unity.modules.unitywebrequesttexture@1.0.0 (location: E:\LevelDesign\Steal\Library\PackageCache\com.unity.modules.unitywebrequesttexture)
    com.unity.modules.unitywebrequestwww@1.0.0 (location: E:\LevelDesign\Steal\Library\PackageCache\com.unity.modules.unitywebrequestwww)
    com.unity.modules.vehicles@1.0.0 (location: E:\LevelDesign\Steal\Library\PackageCache\com.unity.modules.vehicles)
    com.unity.modules.video@1.0.0 (location: E:\LevelDesign\Steal\Library\PackageCache\com.unity.modules.video)
    com.unity.modules.vr@1.0.0 (location: E:\LevelDesign\Steal\Library\PackageCache\com.unity.modules.vr)
    com.unity.modules.wind@1.0.0 (location: E:\LevelDesign\Steal\Library\PackageCache\com.unity.modules.wind)
    com.unity.modules.xr@1.0.0 (location: E:\LevelDesign\Steal\Library\PackageCache\com.unity.modules.xr)
    com.unity.modules.subsystems@1.0.0 (location: E:\LevelDesign\Steal\Library\PackageCache\com.unity.modules.subsystems)
    com.unity.modules.hierarchycore@1.0.0 (location: E:\LevelDesign\Steal\Library\PackageCache\com.unity.modules.hierarchycore)
    com.unity.shadergraph@17.0.3 (location: E:\LevelDesign\Steal\Library\PackageCache\com.unity.shadergraph)
    com.unity.render-pipelines.core@17.0.3 (location: E:\LevelDesign\Steal\Library\PackageCache\com.unity.render-pipelines.core)
    com.unity.rendering.light-transport@1.0.1 (location: E:\LevelDesign\Steal\Library\PackageCache\com.unity.rendering.light-transport)
  Embedded packages:
    com.unity.render-pipelines.universal-config@file:E:\LevelDesign\Steal\Packages\com.unity.render-pipelines.universal-config (location: E:\LevelDesign\Steal\Packages\com.unity.render-pipelines.universal-config)
[PhysX] Initialized MultithreadedTaskDispatcher with 20 workers.
[Subsystems] No new subsystems found in resolved package list.
Package Manager log level set to [2]
[Package Manager] Done registering packages in 4.30 seconds
Refreshing native plugins compatible for Editor in 4521.50 ms, found 6 plugins.
Preloading 0 native plugins for Editor in 0.00 ms.
Initialize engine version: 6000.0.2f1 (c36be92430b9)
[Subsystems] Discovering subsystems at path D:/unity/6000.0.2f1/Editor/Data/Resources/UnitySubsystems
[Subsystems] Discovering subsystems at path E:/LevelDesign/Steal/Assets
GfxDevice: creating device client; kGfxThreadingModeNonThreaded
Direct3D:
    Version:  Direct3D 11.0 [level 11.1]
    Renderer: NVIDIA GeForce RTX 4060 (ID=0x2882)
    Vendor:   NVIDIA
    VRAM:     7957 MB
    Driver:   32.0.15.8180
[Licensing::Client] Successfully resolved entitlements
Initialize mono
Mono path[0] = 'D:/unity/6000.0.2f1/Editor/Data/Managed'
Mono path[1] = 'D:/unity/6000.0.2f1/Editor/Data/MonoBleedingEdge/lib/mono/unityjit-win32'
Mono config path = 'D:/unity/6000.0.2f1/Editor/Data/MonoBleedingEdge/etc'
Using monoOptions --debugger-agent=transport=dt_socket,embedding=1,server=y,suspend=n,address=127.0.0.1:56924
Using cacheserver namespaces - metadata:defaultmetadata, artifacts:defaultartifacts
Using cacheserver namespaces - metadata:defaultmetadata, artifacts:defaultartifacts
ImportWorker Server TCP listen port: 0
AcceleratorClientConnectionCallback - disconnected - :0
Begin MonoManager ReloadAssembly
Registering precompiled unity dll's ...
Register platform support module: D:/unity/6000.0.2f1/Editor/Data/PlaybackEngines/WindowsStandaloneSupport/UnityEditor.WindowsStandalone.Extensions.dll
Registered in 0.102642 seconds.
- Loaded All Assemblies, in  9.181 seconds
Native extension for WindowsStandalone target not found
Mono: successfully reloaded assembly
- Finished resetting the current domain, in  1.534 seconds
Domain Reload Profiling: 10715ms
	BeginReloadAssembly (6760ms)
		ExecutionOrderSort (0ms)
		DisableScriptedObjects (0ms)
		BackupInstance (0ms)
		ReleaseScriptingObjects (0ms)
		CreateAndSetChildDomain (32ms)
	RebuildCommonClasses (850ms)
	RebuildNativeTypeToScriptingClass (9ms)
	initialDomainReloadingComplete (491ms)
	LoadAllAssembliesAndSetupDomain (1071ms)
		LoadAssemblies (6668ms)
		RebuildTransferFunctionScriptingTraits (0ms)
		AnalyzeDomain (1053ms)
			TypeCache.Refresh (1027ms)
				TypeCache.ScanAssembly (884ms)
			BuildScriptInfoCaches (25ms)
			ResolveRequiredComponents (1ms)
	FinalizeReload (1534ms)
		ReleaseScriptCaches (0ms)
		RebuildScriptCaches (0ms)
		SetupLoadedEditorAssemblies (1410ms)
			LogAssemblyErrors (0ms)
			InitializePlatformSupportModulesInManaged (358ms)
			SetLoadedEditorAssemblies (4ms)
			BeforeProcessingInitializeOnLoad (229ms)
			ProcessInitializeOnLoadAttributes (355ms)
			ProcessInitializeOnLoadMethodAttributes (464ms)
			AfterProcessingInitializeOnLoad (0ms)
			EditorAssembliesLoaded (0ms)
		ExecutionOrderSort2 (0ms)
		AwakeInstancesAfterBackupRestoration (0ms)
[Licensing::Client] Successfully resolved entitlements
Application.AssetDatabase Initial Refresh Start
IPCStream (Upm-26924): IPC stream failed to read (Not connected)
IPCStream (Upm-26924): IPC stream failed to read (Not connected)
AcceleratorClientConnectionCallback - disconnected - :0
